ARM Linker, 5.03 [Build 24] [MDK-ARM Standard]

==============================================================================

Section Cross References

    s3c2410a.o(STACK) refers (Special) to heapauxi.o(.text) for __use_two_region_memory
    s3c2410a.o(HEAP) refers (Special) to heapauxi.o(.text) for __use_two_region_memory
    s3c2410a.o(RESET) refers (Special) to heapauxi.o(.text) for __use_two_region_memory
    s3c2410a.o(RESET) refers to 2410lib.o(.text) for InitMMU
    s3c2410a.o(RESET) refers to s3c2410a.o(STACK) for Stack_Top
    s3c2410a.o(RESET) refers to __main.o(!!!main) for __main
    s3c2410a.o(.text) refers (Special) to heapauxi.o(.text) for __use_two_region_memory
    s3c2410a.o(.text) refers to s3c2410a.o(HEAP) for Heap_Mem
    s3c2410a.o(.text) refers to s3c2410a.o(STACK) for Stack_Mem
    main.o(.text) refers to sys_init.o(.text) for sys_init
    main.o(.text) refers to 2410lib.o(.text) for change_value_MPLL
    main.o(.text) refers to tftpmain.o(.text) for NetLoadFile
    arp.o(.text) refers to memset.o(.text) for memset
    arp.o(.text) refers to memcpy.o(.text) for memcpy
    arp.o(.text) refers to tftpmain.o(.text) for htonl
    arp.o(.text) refers to skbuff.o(.text) for alloc_skb
    arp.o(.text) refers to eth.o(.text) for eth_skb_reserve
    arp.o(.text) refers to uwrite4.o(.text) for __aeabi_uwrite4
    arp.o(.text) refers to uread4.o(.text) for __aeabi_uread4
    arp.o(.text) refers to arp.o(.bss) for arp_entrys
    arp.o(.text) refers to arp.o(.data) for arp_chche_cur
    dm9000dbg.o(.text) refers to 2410lib.o(.text) for uart_printf
    dm9000dbg.o(.text) refers to dm9000dbg.o(.data) for dwEthernetIOBase
    dm9000dbg.o(.text) refers to memcpy.o(.text) for memcpy
    eth.o(.text) refers to dm9000dbg.o(.text) for DM9000DBG_Init
    eth.o(.text) refers to skbuff.o(.text) for skb_push
    eth.o(.text) refers to memcpy.o(.text) for memcpy
    eth.o(.text) refers to tftpmain.o(.text) for htons
    icmp.o(.text) refers to skbuff.o(.text) for alloc_skb
    icmp.o(.text) refers to ip.o(.text) for ip_skb_reserve
    icmp.o(.text) refers to icmp.o(.data) for client_ip
    ip.o(.text) refers to uread4.o(.text) for __aeabi_uread4
    ip.o(.text) refers to tftpmain.o(.text) for ntohl
    ip.o(.text) refers to skbuff.o(.text) for skb_pull
    ip.o(.text) refers to udp.o(.text) for udp_rcv_packet
    ip.o(.text) refers to icmp.o(.text) for icmp_rcv_packet
    ip.o(.text) refers to arp.o(.text) for arp_get_eth_addr
    ip.o(.text) refers to uwrite4.o(.text) for __aeabi_uwrite4
    ip.o(.text) refers to eth.o(.text) for eth_send
    ip.o(.text) refers to ip.o(.data) for local_ip
    skbuff.o(.text) refers to memset.o(.text) for memset
    skbuff.o(.text) refers to skbuff.o(.data) for skb_cur
    skbuff.o(.text) refers to skbuff.o(.bss) for skbuff
    tftp.o(.text) refers to skbuff.o(.text) for alloc_skb
    tftp.o(.text) refers to udp.o(.text) for udp_skb_reserve
    tftp.o(.text) refers to tftpmain.o(.text) for htons
    tftp.o(.text) refers to ip.o(.text) for ip_get_source_ip
    tftp.o(.text) refers to tftpput.o(.text) for tftp_put_begin
    tftp.o(.text) refers to 2410lib.o(.text) for uart_printf
    tftp.o(.text) refers to tftp.o(.data) for client_port
    tftpmain.o(.text) refers to skbuff.o(.text) for alloc_skb
    tftpmain.o(.text) refers to eth.o(.text) for eth_rcv
    tftpmain.o(.text) refers to arp.o(.text) for arp_rcv_packet
    tftpmain.o(.text) refers to ip.o(.text) for ip_rcv_packet
    tftpmain.o(.text) refers to udp.o(.text) for udp_init
    tftpmain.o(.text) refers to 2410lib.o(.text) for uart_printf
    tftpmain.o(.text) refers to memcpy.o(.text) for memcpy
    tftpput.o(.text) refers to memcpy.o(.text) for memcpy
    tftpput.o(.text) refers to main.o(.data) for download_addr
    tftpput.o(.text) refers to tftpput.o(.data) for buf
    tftpput.o(.text) refers to tftpmain.o(.data) for TftpPutBegin
    udp.o(.text) refers to tftpmain.o(.text) for ntohs
    udp.o(.text) refers to skbuff.o(.text) for skb_pull
    udp.o(.text) refers to tftp.o(.text) for tftp_rcv_packet
    udp.o(.text) refers to ip.o(.text) for ip_send
    2410lib.o(.text) refers to dflt_noclz.o(x$fpl$dflt) for __aeabi_i2d
    2410lib.o(.text) refers to ddiv.o(x$fpl$ddiv) for __aeabi_ddiv
    2410lib.o(.text) refers to daddsub_noclz.o(x$fpl$dadd) for __aeabi_dadd
    2410lib.o(.text) refers to dfix.o(x$fpl$dfix) for __aeabi_d2iz
    2410lib.o(.text) refers to aeabi_sdiv.o(.text) for __aeabi_idivmod
    2410lib.o(.text) refers to c89vsprintf.o(.text) for __c89vsprintf
    2410lib.o(.text) refers to strlen.o(.text) for strlen
    2410lib.o(.text) refers to atoi.o(.text) for atoi
    2410lib.o(.text) refers to rt_ctype_table.o(.text) for __rt_ctype_table
    2410lib.o(.text) refers to 2410lib.o(.data) for delayLoopCount
    sys_init.o(.text) refers to 2410lib.o(.text) for uart_printf
    sys_init.o(.text) refers to sys_init.o(.data) for nCNT
    sys_init.o(.text) refers to sys_init.o(.constdata) for .constdata
[...]
    !!!scatter                               0x30000204   Section       60  __scatter.o(!!!scatter)
    !!handler_copy                           0x30000240   Section       40  __scatter_copy.o(!!handler_copy)
    !!handler_zi                             0x30000268   Section       44  __scatter_zi.o(!!handler_zi)
    .ARM.Collect$$_printf_percent$$00000000  0x30000298   Section        0  _printf_percent.o(.ARM.Collect$$_printf_percent$$00000000)
    .ARM.Collect$$_printf_percent$$00000001  0x30000298   Section        8  _printf_n.o(.ARM.Collect$$_printf_percent$$00000001)
    .ARM.Collect$$_printf_percent$$00000002  0x300002a0   Section        8  _printf_p.o(.ARM.Collect$$_printf_percent$$00000002)
    .ARM.Collect$$_printf_percent$$00000003  0x300002a8   Section        8  _printf_f.o(.ARM.Collect$$_printf_percent$$00000003)
    .ARM.Collect$$_printf_percent$$00000004  0x300002b0   Section        8  _printf_e.o(.ARM.Collect$$_printf_percent$$00000004)
    .ARM.Collect$$_printf_percent$$00000005  0x300002b8   Section        8  _printf_g.o(.ARM.Collect$$_printf_percent$$00000005)
    .ARM.Collect$$_printf_percent$$00000006  0x300002c0   Section        8  _printf_a.o(.ARM.Collect$$_printf_percent$$00000006)
    .ARM.Collect$$_printf_percent$$00000007  0x300002c8   Section       12  _printf_ll.o(.ARM.Collect$$_printf_percent$$00000007)
    .ARM.Collect$$_printf_percent$$00000008  0x300002d4   Section        8  _printf_i.o(.ARM.Collect$$_printf_percent$$00000008)
    .ARM.Collect$$_printf_percent$$00000009  0x300002dc   Section        8  _printf_d.o(.ARM.Collect$$_printf_percent$$00000009)
    .ARM.Collect$$_printf_percent$$0000000A  0x300002e4   Section        8  _printf_u.o(.ARM.Collect$$_printf_percent$$0000000A)
    .ARM.Collect$$_printf_percent$$0000000B  0x300002ec   Section        8  _printf_o.o(.ARM.Collect$$_printf_percent$$0000000B)
    .ARM.Collect$$_printf_percent$$0000000C  0x300002f4   Section        8  _printf_x.o(.ARM.Collect$$_printf_percent$$0000000C)
    .ARM.Collect$$_printf_percent$$0000000D  0x300002fc   Section        8  _printf_lli.o(.ARM.Collect$$_printf_percent$$0000000D)
    .ARM.Collect$$_printf_percent$$0000000E  0x30000304   Section        8  _printf_lld.o(.ARM.Collect$$_printf_percent$$0000000E)
    .ARM.Collect$$_printf_percent$$0000000F  0x3000030c   Section        8  _printf_llu.o(.ARM.Collect$$_printf_percent$$0000000F)
    .ARM.Collect$$_printf_percent$$00000010  0x30000314   Section        8  _printf_llo.o(.ARM.Collect$$_printf_percent$$00000010)
    .ARM.Collect$$_printf_percent$$00000011  0x3000031c   Section        8  _printf_llx.o(.ARM.Collect$$_printf_percent$$00000011)
    .ARM.Collect$$_printf_percent$$00000012  0x30000324   Section       12  _printf_l.o(.ARM.Collect$$_printf_percent$$00000012)
    .ARM.Collect$$_printf_percent$$00000013  0x30000330   Section        8  _printf_c.o(.ARM.Collect$$_printf_percent$$00000013)
    .ARM.Collect$$_printf_percent$$00000014  0x30000338   Section        8  _printf_s.o(.ARM.Collect$$_printf_percent$$00000014)
    .ARM.Collect$$_printf_percent$$00000015  0x30000340   Section        8  _printf_lc.o(.ARM.Collect$$_printf_percent$$00000015)
    .ARM.Collect$$_printf_percent$$00000016  0x30000348   Section        8  _printf_ls.o(.ARM.Collect$$_printf_percent$$00000016)
    .ARM.Collect$$_printf_percent$$00000017  0x30000350   Section        8  _printf_percent_end.o(.ARM.Collect$$_printf_percent$$00000017)
    .ARM.Collect$$libinit$$00000000          0x30000360   Section        2  libinit.o(.ARM.Collect$$libinit$$00000000)
    .ARM.Collect$$libinit$$00000002          0x30000362   Section        0  libinit2.o(.ARM.Collect$$libinit$$00000002)
    .ARM.Collect$$libinit$$00000008          0x30000362   Section        0  libinit2.o(.ARM.Collect$$libinit$$00000008)
    .ARM.Collect$$libinit$$0000000A          0x30000362   Section        0  libinit2.o(.ARM.Collect$$libinit$$0000000A)
    .ARM.Collect$$libinit$$0000000C          0x30000362   Section        0  libinit2.o(.ARM.Collect$$libinit$$0000000C)
    .ARM.Collect$$libinit$$0000000D          0x30000362   Section        6  libinit2.o(.ARM.Collect$$libinit$$0000000D)
    .ARM.Collect$$libinit$$0000000F          0x30000368   Section        0  libinit2.o(.ARM.Collect$$libinit$$0000000F)
    .ARM.Collect$$libinit$$00000010          0x30000368   Section       12  libinit2.o(.ARM.Collect$$libinit$$00000010)
    .ARM.Collect$$libinit$$00000011          0x30000374   Section        0  libinit2.o(.ARM.Collect$$libinit$$00000011)
    .ARM.Collect$$libinit$$00000013          0x30000374   Section        0  libinit2.o(.ARM.Collect$$libinit$$00000013)
    .ARM.Collect$$libinit$$00000014          0x30000374   Section       10  libinit2.o(.ARM.Collect$$libinit$$00000014)
    .ARM.Collect$$libinit$$00000015          0x3000037e   Section        0  libinit2.o(.ARM.Collect$$libinit$$00000015)
    .ARM.Collect$$libinit$$00000017          0x3000037e   Section        0  libinit2.o(.ARM.Collect$$libinit$$00000017)
    .ARM.Collect$$libinit$$00000019          0x3000037e   Section        0  libinit2.o(.ARM.Collect$$libinit$$00000019)
    .ARM.Collect$$libinit$$0000001B          0x3000037e   Section        0  libinit2.o(.ARM.Collect$$libinit$$0000001B)
    .ARM.Collect$$libinit$$0000001D          0x3000037e   Section        0  libinit2.o(.ARM.Collect$$libinit$$0000001D)
    .ARM.Collect$$libinit$$0000001F          0x3000037e   Section        0  libinit2.o(.ARM.Collect$$libinit$$0000001F)
    .ARM.Collect$$libinit$$00000021          0x3000037e   Section        0  libinit2.o(.ARM.Collect$$libinit$$00000021)
    .ARM.Collect$$libinit$$00000023          0x3000037e   Section        0  libinit2.o(.ARM.Collect$$libinit$$00000023)
    .ARM.Collect$$libinit$$0000002A          0x3000037e   Section        0  libinit2.o(.ARM.Collect$$libinit$$0000002A)
    .ARM.Collect$$libinit$$0000002C          0x3000037e   Section        0  libinit2.o(.ARM.Collect$$libinit$$0000002C)
    .ARM.Collect$$libinit$$0000002E          0x3000037e   Section        0  libinit2.o(.ARM.Collect$$libinit$$0000002E)
    .ARM.Collect$$libinit$$00000030          0x3000037e   Section        0  libinit2.o(.ARM.Collect$$libinit$$00000030)
    .ARM.Collect$$libinit$$00000031          0x3000037e   Section       12  libinit2.o(.ARM.Collect$$libinit$$00000031)
    .ARM.Collect$$libshutdown$$00000000      0x30000394   Section        4  libshutdown.o(.ARM.Collect$$libshutdown$$00000000)
    .ARM.Collect$$libshutdown$$00000003      0x30000398   Section        0  libshutdown2.o(.ARM.Collect$$libshutdown$$00000003)
    .ARM.Collect$$libshutdown$$00000006      0x30000398   Section        0  libshutdown2.o(.ARM.Collect$$libshutdown$$00000006)
    .ARM.Collect$$libshutdown$$00000009      0x30000398   Section        0  libshutdown2.o(.ARM.Collect$$libshutdown$$00000009)
    .ARM.Collect$$libshutdown$$0000000B      0x30000398   Section        0  libshutdown2.o(.ARM.Collect$$libshutdown$$0000000B)
    .ARM.Collect$$libshutdown$$0000000E      0x30000398   Section        0  libshutdown2.o(.ARM.Collect$$libshutdown$$0000000E)
    .ARM.Collect$$libshutdown$$0000000F      0x30000398   Section        6  libshutdown2.o(.ARM.Collect$$libshutdown$$0000000F)
    .ARM.Collect$$rtentry$$00000000          0x300003a0   Section        0  rtentry.o(.ARM.Collect$$rtentry$$00000000)
    .ARM.Collect$$rtentry$$00000002          0x300003a0   Section        0  rtentry2.o(.ARM.Collect$$rtentry$$00000002)
    .ARM.Collect$$rtentry$$00000004          0x300003a0   Section        8  rtentry4.o(.ARM.Collect$$rtentry$$00000004)
    .ARM.Collect$$rtentry$$00000009          0x300003a8   Section        0  rtentry2.o(.ARM.Collect$$rtentry$$00000009)
    .ARM.Collect$$rtentry$$0000000A          0x300003a8   Section        4  rtentry2.o(.ARM.Collect$$rtentry$$0000000A)
    .ARM.Collect$$rtentry$$0000000C          0x300003ac   Section        0  rtentry2.o(.ARM.Collect$$rtentry$$0000000C)
    .ARM.Collect$$rtentry$$0000000D          0x300003ac   Section       40  rtentry2.o(.ARM.Collect$$rtentry$$0000000D)
    .ARM.Collect$$rtexit$$00000000           0x300003d8   Section        4  rtexit.o(.ARM.Collect$$rtexit$$00000000)
    .ARM.Collect$$rtexit$$00000002           0x300003dc   Section        0  rtexit2.o(.ARM.Collect$$rtexit$$00000002)
    .ARM.Collect$$rtexit$$00000003           0x300003dc   Section        4  rtexit2.o(.ARM.Collect$$rtexit$$00000003)
    .ARM.Collect$$rtexit$$00000004           0x300003e0   Section        8  rtexit2.o(.ARM.Collect$$rtexit$$00000004)
    .text                                    0x300003e8   Section       36  s3c2410a.o(.text)
    .text                                    0x3000040c   Section        0  main.o(.text)
    .text                                    0x3000049c   Section        0  arp.o(.text)
    .text                                    0x3000087c   Section        0  dm9000dbg.o(.text)
    ReadReg                                  0x3000087c   ARM Code      32  dm9000dbg.o(.text)
    WriteReg                                 0x3000089c   ARM Code      28  dm9000dbg.o(.text)
    Probe                                    0x30000a50   ARM Code     188  dm9000dbg.o(.text)
    .text                                    0x30001620   Section        0  eth.o(.text)
    .text                                    0x300016f4   Section        0  icmp.o(.text)
    icmp_send_echo                           0x300016f4   ARM Code     188  icmp.o(.text)
    icmp_rcv_echo                            0x300017b0   ARM Code      44  icmp.o(.text)
    .text                                    0x30001818   Section        0  ip.o(.text)
    .text                                    0x30001ab0   Section        0  skbuff.o(.text)
    .text                                    0x30001bd4   Section        0  tftp.o(.text)
    .text                                    0x30001ea0   Section        0  tftpmain.o(.text)
    .text                                    0x30002194   Section        0  tftpput.o(.text)
    .text                                    0x300022cc   Section        0  udp.o(.text)
    .text                                    0x300023fc   Section        0  2410lib.o(.text)
    .text                                    0x30002efc   Section        0  sys_init.o(.text)
    .text                                    0x30003374   Section       24  rt_ctype_table.o(.text)
    .text                                    0x30003394   Section        0  c89vsprintf.o(.text)
    .text                                    0x300033c4   Section        0  atoi.o(.text)
    .text                                    0x300033ec   Section        0  strlen.o(.text)
    .text                                    0x30003430   Section       16  memcpy.o(.text)
    .text                                    0x30003440   Section       32  memset.o(.text)
    .text                                    0x30003460   Section       32  uread4.o(.text)
    .text                                    0x30003480   Section       32  uwrite4.o(.text)
    .text                                    0x300034a4   Section      384  aeabi_sdiv.o(.text)
    __arm_div8                               0x300034d0   ARM Code       0  aeabi_sdiv.o(.text)
    __arm_div5                               0x300034f4   ARM Code       0  aeabi_sdiv.o(.text)
    __arm_div2                               0x30003518   ARM Code       0  aeabi_sdiv.o(.text)
    __arm_div_large                          0x30003554   ARM Code       0  aeabi_sdiv.o(.text)
    .text                                    0x30003624   Section        0  heapauxi.o(.text)
    .text                                    0x30003630   Section       12  rt_locale_intlibspace.o(.text)
    .text                                    0x30003640   Section       12  rt_errno_addr_intlibspace.o(.text)
    .text                                    0x3000364c   Section        0  _printf_pad.o(.text)
    .text                                    0x300036a2   Section        0  _printf_truncate.o(.text)
    .text                                    0x300036ce   Section        0  _printf_str.o(.text)
    .text                                    0x30003730   Section        0  _printf_dec.o(.text)
    .text                                    0x300037a8   Section        0  _printf_charcount.o(.text)
    .text                                    0x300037d0   Section        0  _printf_char_common.o(.text)
    _printf_input_char                       0x300037d1   Thumb Code    10  _printf_char_common.o(.text)
    .text                                    0x30003800   Section        0  _sputc.o(.text)
    .text                                    0x3000380c   Section        0  _printf_wctomb.o(.text)
    .text                                    0x300038d4   Section        0  _printf_longlong_dec.o(.text)
    .text                                    0x30003950   Section        0  _printf_oct_int_ll.o(.text)
    _printf_longlong_oct_internal            0x30003951   Thumb Code     0  _printf_oct_int_ll.o(.text)
    .text                                    0x300039d0   Section        0  _printf_hex_int_ll_ptr.o(.text)
    _printf_hex_common                       0x300039d1   Thumb Code     0  _printf_hex_int_ll_ptr.o(.text)
    .text                                    0x30003a70   Section        0  __printf_flags_ss_wp.o(.text)
    .text                                    0x30003c0c   Section        0  strtol.o(.text)
    .text                                    0x30003c80   Section      212  rt_memcpy.o(.text)
    .text                                    0x30003d54   Section       64  rt_memclr.o(.text)
    .text                                    0x30003d94   Section       12  libspace.o(.text)
    .text                                    0x30003da4   Section      160  lludiv10.o(.text)
    .text                                    0x30003e44   Section        0  _printf_intcommon.o(.text)
    .text                                    0x30003f00   Section        0  _printf_fp_dec.o(.text)
    _fp_digits                               0x30003f03   Thumb Code   414  _printf_fp_dec.o(.text)
    .text                                    0x30004328   Section        0  _printf_char.o(.text)
    .text                                    0x30004364   Section        0  _printf_wchar.o(.text)
    .text                                    0x30004396   Section        0  _strtoul.o(.text)
    .text                                    0x30004442   Section        0  _wcrtomb.o(.text)
    .text                                    0x3000448c   Section      100  rt_memcpy_w.o(.text)
    .text                                    0x300044f0   Section       84  rt_memclr_w.o(.text)
    .text                                    0x30004544   Section      160  strcmp.o(.text)
    .text                                    0x300045e8   Section       44  rtudiv10.o(.text)
    .text                                    0x30004614   Section       96  sys_stackheap_outer.o(.text)
    .text                                    0x30004674   Section        0  _printf_fp_infnan.o(.text)
    .text                                    0x30004704   Section        0  _chval.o(.text)
    .text                                    0x30004724   Section        0  bigflt0.o(.text)
    .text                                    0x300047fc   Section        0  exit.o(.text)
    .text                                    0x30004810   Section        0  sys_exit.o(.text)
    .text                                    0x3000481c   Section        4  use_no_semi.o(.text)
    .text                                    0x30004820   Section        0  indicate_semi.o(.text)
    CL$$btod_d2e                             0x30004824   Section       56  btod.o(CL$$btod_d2e)
    CL$$btod_d2e_denorm_low                  0x3000485c   Section       84  btod.o(CL$$btod_d2e_denorm_low)
    CL$$btod_d2e_norm_op1                    0x300048b0   Section      104  btod.o(CL$$btod_d2e_norm_op1)
    CL$$btod_div_common                      0x30004918   Section      844  btod.o(CL$$btod_div_common)
    CL$$btod_e2e                             0x30004c64   Section      220  btod.o(CL$$btod_e2e)
    CL$$btod_ediv                            0x30004d44   Section       52  btod.o(CL$$btod_ediv)
    CL$$btod_emul                            0x30004d7c   Section       52  btod.o(CL$$btod_emul)
    CL$$btod_mult_common                     0x30004db0   Section      616  btod.o(CL$$btod_mult_common)
    i.__ARM_common_call_via_r1               0x30005060   Section        0  __printf.o(i.__ARM_common_call_via_r1)
    i.__ARM_common_call_via_r2               0x30005062   Section        0  _printf_wctomb.o(i.__ARM_common_call_via_r2)
    i.__ARM_common_call_via_r3               0x30005064   Section        0  _wcrtomb.o(i.__ARM_common_call_via_r3)
    i.__ARM_fpclassify                       0x3000506c   Section        0  fpclassify.o(i.__ARM_fpclassify)
    i._is_digit                              0x3000509c   Section        0  __printf_wp.o(i._is_digit)
    locale$$code                             0x300050b0   Section       80  lc_ctype_c.o(locale$$code)
    locale$$code                             0x30005104   Section       80  lc_numeric_c.o(locale$$code)
    x$fpl$dadd                               0x30005154   Section      340  daddsub_noclz.o(x$fpl$dadd)
    _dadd1                                   0x30005164   ARM Code       0  daddsub_noclz.o(x$fpl$dadd)
    x$fpl$ddiv                               0x300052a8   Section      736  ddiv.o(x$fpl$ddiv)
    ddiv_entry                               0x300052b0   ARM Code       0  ddiv.o(x$fpl$ddiv)
    x$fpl$dfix                               0x30005588   Section      112  dfix.o(x$fpl$dfix)
    x$fpl$dflt                               0x300055f8   Section       88  dflt_noclz.o(x$fpl$dflt)
    x$fpl$dnaninf                            0x30005650   Section      192  dnaninf.o(x$fpl$dnaninf)
    x$fpl$dretinf                            0x30005710   Section       16  dretinf.o(x$fpl$dretinf)
    x$fpl$dsub                               0x30005720   Section      580  daddsub_noclz.o(x$fpl$dsub)
    _dsub1                                   0x30005730   ARM Code       0  daddsub_noclz.o(x$fpl$dsub)
    x$fpl$ieeestatus                         0x30005968   Section        8  istatus.o(x$fpl$ieeestatus)
    x$fpl$printf1                            0x30005970   Section        4  printf1.o(x$fpl$printf1)
    .constdata                               0x30005974   Section      216  sys_init.o(.constdata)
    x$fpl$usenofp                            0x30005974   Section        0  usenofp.o(x$fpl$usenofp)
    .constdata                               0x30005a4c   Section        8  _printf_wctomb.o(.constdata)
    initial_mbstate                          0x30005a4c   Data           8  _printf_wctomb.o(.constdata)
    .constdata                               0x30005a54   Section       40  _printf_hex_int_ll_ptr.o(.constdata)
    uc_hextab                                0x30005a54   Data          20  _printf_hex_int_ll_ptr.o(.constdata)
    lc_hextab                                0x30005a68   Data          20  _printf_hex_int_ll_ptr.o(.constdata)
    .constdata                               0x30005a7c   Section       17  __printf_flags_ss_wp.o(.constdata)
    maptable                                 0x30005a7c   Data          17  __printf_flags_ss_wp.o(.constdata)
    .constdata                               0x30005a90   Section      148  bigflt0.o(.constdata)
    tenpwrs_x                                0x30005a90   Data          60  bigflt0.o(.constdata)
    tenpwrs_i                                0x30005acc   Data          64  bigflt0.o(.constdata)
    locale$$data                             0x30005b44   Section      272  lc_ctype_c.o(locale$$data)
    __lcctype_c_name                         0x30005b48   Data           2  lc_ctype_c.o(locale$$data)
    __lcctype_c_start                        0x30005b50   Data           0  lc_ctype_c.o(locale$$data)
    locale$$data                             0x30005c54   Section       28  lc_numeric_c.o(locale$$data)
    __lcctype_c_end                          0x30005c54   Data           0  lc_ctype_c.o(locale$$data)
    __lcnum_c_name                           0x30005c58   Data           2  lc_numeric_c.o(locale$$data)
    __lcnum_c_start                          0x30005c60   Data           0  lc_numeric_c.o(locale$$data)
    __lcnum_c_point                          0x30005c6c   Data           0  lc_numeric_c.o(locale$$data)
    __lcnum_c_thousands                      0x30005c6e   Data           0  lc_numeric_c.o(locale$$data)
    __lcnum_c_grouping                       0x30005c6f   Data           0  lc_numeric_c.o(locale$$data)
    __lcnum_c_end                            0x30005c70   Data           0  lc_numeric_c.o(locale$$data)
    .data                                    0x30030000   Section        8  main.o(.data)
    .data                                    0x30030008   Section        4  arp.o(.data)
    arp_chche_cur                            0x30030008   Data           4  arp.o(.data)
    .data                                    0x3003000c   Section       31  dm9000dbg.o(.data)
    OurEmacAddr                              0x30030012   Data           6  dm9000dbg.o(.data)
    dwEthernetIOBase                         0x30030018   Data           4  dm9000dbg.o(.data)
    dwEthernetDataPort                       0x3003001c   Data           4  dm9000dbg.o(.data)
    DM9000_iomode                            0x30030020   Data           1  dm9000dbg.o(.data)
    hash_table                               0x30030022   Data           8  dm9000dbg.o(.data)
    DM9000_rev                               0x3003002a   Data           1  dm9000dbg.o(.data)
    .data                                    0x3003002c   Section        4  icmp.o(.data)
    client_ip                                0x3003002c   Data           4  icmp.o(.data)
    .data                                    0x30030030   Section        6  ip.o(.data)
    local_ip                                 0x30030030   Data           4  ip.o(.data)
    ip_id                                    0x30030034   Data           2  ip.o(.data)
    .data                                    0x30030038   Section        4  skbuff.o(.data)
    .data                                    0x3003003c   Section        8  tftp.o(.data)
    .data                                    0x30030044   Section        3  tftpmain.o(.data)
    .data                                    0x30030048   Section       12  tftpput.o(.data)
    count                                    0x30030048   Data           4  tftpput.o(.data)
    buf                                      0x3003004c   Data           4  tftpput.o(.data)
    data_len                                 0x30030050   Data           4  tftpput.o(.data)
    .data                                    0x30030054   Section        9  2410lib.o(.data)
    delayLoopCount                           0x30030054   Data           4  2410lib.o(.data)
    .data                                    0x30030060   Section        4  sys_init.o(.data)
    .bss                                     0x30030064   Section      204  arp.o(.bss)
    arp_entrys                               0x30030064   Data          12  arp.o(.bss)
    arp_cache                                0x30030070   Data         192  arp.o(.bss)
    .bss                                     0x30030130   Section     7640  skbuff.o(.bss)
    .bss                                     0x30031f08   Section       96  libspace.o(.bss)
    HEAP                                     0x30031f68   Section    18432  s3c2410a.o(HEAP)
    Heap_Mem                                 0x30031f68   Data       18432  s3c2410a.o(HEAP)
    STACK                                    0x30036768   Section    40960  s3c2410a.o(STACK)
    Stack_Mem                                0x30036768   Data       40960  s3c2410a.o(STACK)
    Stack_Top                                0x30040768   Data           0  s3c2410a.o(STACK)

    Global Symbols

    Symbol Name                              Value     Ov Type        Size  Object(Section)

    BuildAttributes$$THM_ISAv1$ARM_ISAv4$S$PE$A:L22$X:L11$S22$IEEE1$IW$USESV6$~STKCKD$USESV7$~SHL$OTIME$ROPI$IEEEJ$EBA8$UX$STANDARDLIB$REQ8$PRES8$EABIv2 0x00000000   Number         0  anon$$obj.o ABSOLUTE
    __ARM_use_no_argv                        0x00000000   Number         0  main.o ABSOLUTE
    _printf_flags                            0x00000000   Number         0  printf_stubs.o ABSOLUTE
    _printf_return_value                     0x00000000   Number         0  printf_stubs.o ABSOLUTE
    _printf_sizespec                         0x00000000   Number         0  printf_stubs.o ABSOLUTE
    _printf_widthprec                        0x00000000   Number         0  printf_stubs.o ABSOLUTE
    __ARM_exceptions_init                     - Undefined Weak Reference
    __alloca_initialize                       - Undefined Weak Reference
    __cpp_initialize__aeabi_                  - Undefined Weak Reference
    __cxa_finalize                            - Undefined Weak Reference
    __sigvec_lookup                           - Undefined Weak Reference
    _atexit_init                              - Undefined Weak Reference
    _call_atexit_fns                          - Undefined Weak Reference
    _clock_init                               - Undefined Weak Reference
    _fp_trap_init                             - Undefined Weak Reference
    _fp_trap_shutdown                         - Undefined Weak Reference
    _get_lc_collate                           - Undefined Weak Reference
    _get_lc_monetary                          - Undefined Weak Reference
    _get_lc_time                              - Undefined Weak Reference
    _getenv_init                              - Undefined Weak Reference
    _handle_redirection                       - Undefined Weak Reference
    _init_alloc                               - Undefined Weak Reference
    _init_user_alloc                          - Undefined Weak Reference
    _initio                                   - Undefined Weak Reference
    _printf_fp_hex                            - Undefined Weak Reference
    _printf_mbtowc                            - Undefined Weak Reference
    _printf_wc                                - Undefined Weak Reference
    _rand_init                                - Undefined Weak Reference
    _signal_finish                            - Undefined Weak Reference
    _signal_init                              - Undefined Weak Reference
    _terminate_alloc                          - Undefined Weak Reference
    _terminate_user_alloc                     - Undefined Weak Reference
    _terminateio                              - Undefined Weak Reference
    Reset_Handler                            0x30000104   ARM Code       0  s3c2410a.o(RESET)
    __main                                   0x300001fc   ARM Code       8  __main.o(!!!main)
    __scatterload                            0x30000204   ARM Code       0  __scatter.o(!!!scatter)
    __scatterload_rt2                        0x30000204   ARM Code      52  __scatter.o(!!!scatter)
    __scatterload_null                       0x30000218   ARM Code       0  __scatter.o(!!!scatter)
    __scatterload_copy                       0x30000240   ARM Code      40  __scatter_copy.o(!!handler_copy)
    __scatterload_zeroinit                   0x30000268   ARM Code      44  __scatter_zi.o(!!handler_zi)
    Inline Thumb to ARM Veneer to _printf_percent 0x30000295   Thumb Code     4  _printf_percent.o(.ARM.Collect$$_printf_percent$$00000000)
    _printf_n                                0x30000298   ARM Code       0  _printf_n.o(.ARM.Collect$$_printf_percent$$00000001)
    _printf_percent                          0x30000298   ARM Code       0  _printf_percent.o(.ARM.Collect$$_printf_percent$$00000000)
    _printf_p                                0x300002a0   ARM Code       0  _printf_p.o(.ARM.Collect$$_printf_percent$$00000002)
    _printf_f                                0x300002a8   ARM Code       0  _printf_f.o(.ARM.Collect$$_printf_percent$$00000003)
    _printf_e                                0x300002b0   ARM Code       0  _printf_e.o(.ARM.Collect$$_printf_percent$$00000004)
    _printf_g                                0x300002b8   ARM Code       0  _printf_g.o(.ARM.Collect$$_printf_percent$$00000005)
    _printf_a                                0x300002c0   ARM Code       0  _printf_a.o(.ARM.Collect$$_printf_percent$$00000006)
    _printf_ll                               0x300002c8   ARM Code       0  _printf_ll.o(.ARM.Collect$$_printf_percent$$00000007)
    _printf_i                                0x300002d4   ARM Code       0  _printf_i.o(.ARM.Collect$$_printf_percent$$00000008)
    _printf_d                                0x300002dc   ARM Code       0  _printf_d.o(.ARM.Collect$$_printf_percent$$00000009)
    _printf_u                                0x300002e4   ARM Code       0  _printf_u.o(.ARM.Collect$$_printf_percent$$0000000A)
    _printf_o                                0x300002ec   ARM Code       0  _printf_o.o(.ARM.Collect$$_printf_percent$$0000000B)
    _printf_x                                0x300002f4   ARM Code       0  _printf_x.o(.ARM.Collect$$_printf_percent$$0000000C)
    _printf_lli                              0x300002fc   ARM Code       0  _printf_lli.o(.ARM.Collect$$_printf_percent$$0000000D)
    _printf_lld                              0x30000304   ARM Code       0  _printf_lld.o(.ARM.Collect$$_printf_percent$$0000000E)
    _printf_llu                              0x3000030c   ARM Code       0  _printf_llu.o(.ARM.Collect$$_printf_percent$$0000000F)
    _printf_llo                              0x30000314   ARM Code       0  _printf_llo.o(.ARM.Collect$$_printf_percent$$00000010)
    _printf_llx                              0x3000031c   ARM Code       0  _printf_llx.o(.ARM.Collect$$_printf_percent$$00000011)
    _printf_l                                0x30000324   ARM Code       0  _printf_l.o(.ARM.Collect$$_printf_percent$$00000012)
    _printf_c                                0x30000330   ARM Code       0  _printf_c.o(.ARM.Collect$$_printf_percent$$00000013)
    _printf_s                                0x30000338   ARM Code       0  _printf_s.o(.ARM.Collect$$_printf_percent$$00000014)
    _printf_lc                               0x30000340   ARM Code       0  _printf_lc.o(.ARM.Collect$$_printf_percent$$00000015)
    _printf_ls                               0x30000348   ARM Code       0  _printf_ls.o(.ARM.Collect$$_printf_percent$$00000016)
    _printf_percent_end                      0x30000350   ARM Code       0  _printf_percent_end.o(.ARM.Collect$$_printf_percent$$00000017)
    Inline ARM to Thumb Veneer to __rt_lib_init 0x30000358   ARM Code       8  libinit.o(.ARM.Collect$$libinit$$00000000)
    __rt_lib_init                            0x30000361   Thumb Code     0  libinit.o(.ARM.Collect$$libinit$$00000000)
    __rt_lib_init_fp_1                       0x30000363   Thumb Code     0  libinit2.o(.ARM.Collect$$libinit$$00000002)
    __rt_lib_init_heap_1                     0x30000363   Thumb Code     0  libinit2.o(.ARM.Collect$$libinit$$00000008)
    __rt_lib_init_lc_common                  0x30000363   Thumb Code     0  libinit2.o(.ARM.Collect$$libinit$$0000000D)
    __rt_lib_init_rand_1                     0x30000363   Thumb Code     0  libinit2.o(.ARM.Collect$$libinit$$0000000C)
    __rt_lib_init_user_alloc_1               0x30000363   Thumb Code     0  libinit2.o(.ARM.Collect$$libinit$$0000000A)
    __rt_lib_init_lc_collate_1               0x30000369   Thumb Code     0  libinit2.o(.ARM.Collect$$libinit$$0000000F)
    __rt_lib_init_lc_ctype_2                 0x30000369   Thumb Code     0  libinit2.o(.ARM.Collect$$libinit$$00000010)
    __rt_lib_init_lc_ctype_1                 0x30000375   Thumb Code     0  libinit2.o(.ARM.Collect$$libinit$$00000011)
    __rt_lib_init_lc_monetary_1              0x30000375   Thumb Code     0  libinit2.o(.ARM.Collect$$libinit$$00000013)
    __rt_lib_init_lc_numeric_2               0x30000375   Thumb Code     0  libinit2.o(.ARM.Collect$$libinit$$00000014)
    __rt_lib_init_alloca_1                   0x3000037f   Thumb Code     0  libinit2.o(.ARM.Collect$$libinit$$0000002C)
    __rt_lib_init_argv_1                     0x3000037f   Thumb Code     0  libinit2.o(.ARM.Collect$$libinit$$0000002A)
    __rt_lib_init_atexit_1                   0x3000037f   Thumb Code     0  libinit2.o(.ARM.Collect$$libinit$$00000019)
    __rt_lib_init_clock_1                    0x3000037f   Thumb Code     0  libinit2.o(.ARM.Collect$$libinit$$0000001F)
    __rt_lib_init_cpp_1                      0x3000037f   Thumb Code     0  libinit2.o(.ARM.Collect$$libinit$$00000030)
    __rt_lib_init_exceptions_1               0x3000037f   Thumb Code     0  libinit2.o(.ARM.Collect$$libinit$$0000002E)
    __rt_lib_init_fp_trap_1                  0x3000037f   Thumb Code     0  libinit2.o(.ARM.Collect$$libinit$$0000001D)
    __rt_lib_init_getenv_1                   0x3000037f   Thumb Code     0  libinit2.o(.ARM.Collect$$libinit$$00000021)
    __rt_lib_init_lc_numeric_1               0x3000037f   Thumb Code     0  libinit2.o(.ARM.Collect$$libinit$$00000015)
    __rt_lib_init_lc_time_1                  0x3000037f   Thumb Code     0  libinit2.o(.ARM.Collect$$libinit$$00000017)
    __rt_lib_init_return                     0x3000037f   Thumb Code     0  libinit2.o(.ARM.Collect$$libinit$$00000031)
    __rt_lib_init_signal_1                   0x3000037f   Thumb Code     0  libinit2.o(.ARM.Collect$$libinit$$0000001B)
    __rt_lib_init_stdio_1                    0x3000037f   Thumb Code     0  libinit2.o(.ARM.Collect$$libinit$$00000023)
    Inline ARM to Thumb Veneer to __rt_lib_shutdown 0x3000038c   ARM Code       8  libshutdown.o(.ARM.Collect$$libshutdown$$00000000)
    __rt_lib_shutdown                        0x30000395   Thumb Code     0  libshutdown.o(.ARM.Collect$$libshutdown$$00000000)
    __rt_lib_shutdown_fp_trap_1              0x30000399   Thumb Code     0  libshutdown2.o(.ARM.Collect$$libshutdown$$00000006)
    __rt_lib_shutdown_heap_1                 0x30000399   Thumb Code     0  libshutdown2.o(.ARM.Collect$$libshutdown$$0000000E)
    __rt_lib_shutdown_return                 0x30000399   Thumb Code     0  libshutdown2.o(.ARM.Collect$$libshutdown$$0000000F)
    __rt_lib_shutdown_signal_1               0x30000399   Thumb Code     0  libshutdown2.o(.ARM.Collect$$libshutdown$$00000009)
    __rt_lib_shutdown_stdio_1                0x30000399   Thumb Code     0  libshutdown2.o(.ARM.Collect$$libshutdown$$00000003)
    __rt_lib_shutdown_user_alloc_1           0x30000399   Thumb Code     0  libshutdown2.o(.ARM.Collect$$libshutdown$$0000000B)
    __rt_entry                               0x300003a0   ARM Code       0  rtentry.o(.ARM.Collect$$rtentry$$00000000)
    __rt_entry_presh_1                       0x300003a0   ARM Code       0  rtentry2.o(.ARM.Collect$$rtentry$$00000002)
    __rt_entry_sh                            0x300003a0   ARM Code       0  rtentry4.o(.ARM.Collect$$rtentry$$00000004)
    __rt_entry_li                            0x300003a8   ARM Code       0  rtentry2.o(.ARM.Collect$$rtentry$$0000000A)
    __rt_entry_postsh_1                      0x300003a8   ARM Code       0  rtentry2.o(.ARM.Collect$$rtentry$$00000009)
    __rt_entry_main                          0x300003ac   ARM Code       0  rtentry2.o(.ARM.Collect$$rtentry$$0000000D)
    __rt_entry_postli_1                      0x300003ac   ARM Code       0  rtentry2.o(.ARM.Collect$$rtentry$$0000000C)
    Inline Thumb to ARM Veneer to __rt_exit  0x300003d5   Thumb Code     4  rtexit.o(.ARM.Collect$$rtexit$$00000000)
    __rt_exit                                0x300003d8   ARM Code       0  rtexit.o(.ARM.Collect$$rtexit$$00000000)
    __rt_exit_ls                             0x300003dc   ARM Code       0  rtexit2.o(.ARM.Collect$$rtexit$$00000003)
    __rt_exit_prels_1                        0x300003dc   ARM Code       0  rtexit2.o(.ARM.Collect$$rtexit$$00000002)
    __rt_exit_exit                           0x300003e0   ARM Code       0  rtexit2.o(.ARM.Collect$$rtexit$$00000004)
    __user_initial_stackheap                 0x300003e8   ARM Code       0  s3c2410a.o(.text)
    main                                     0x3000040c   ARM Code      88  main.o(.text)
    arp_init                                 0x3000049c   ARM Code      48  arp.o(.text)
    arp_add_entry                            0x300004cc   ARM Code      56  arp.o(.text)
    arp_add_cache                            0x30000504   ARM Code     172  arp.o(.text)
    arp_send_req                             0x300005b0   ARM Code     228  arp.o(.text)
    arp_send_rsp                             0x30000694   ARM Code     220  arp.o(.text)
    arp_get_eth_addr                         0x30000770   ARM Code     152  arp.o(.text)
    arp_rcv_packet                           0x30000808   ARM Code     116  arp.o(.text)
    CalculateHashIndex                       0x300008b8   ARM Code     144  dm9000dbg.o(.text)
    DM9000_Delay                             0x30000948   ARM Code      20  dm9000dbg.o(.text)
    dm9000_hash_table                        0x3000095c   ARM Code     244  dm9000dbg.o(.text)
    DM9000DBG_EnableInts                     0x30000b0c   ARM Code      24  dm9000dbg.o(.text)
    DM9000DBG_DisableInts                    0x30000b24   ARM Code     268  dm9000dbg.o(.text)
    dm9000_send                              0x30000c30   ARM Code     332  dm9000dbg.o(.text)
    DM9000DBG_Init                           0x30000d7c   ARM Code     548  dm9000dbg.o(.text)
    DM9000DBG_GetPendingInts                 0x30000fa0   ARM Code      40  dm9000dbg.o(.text)
    DM9000DBG_GetFrame                       0x30000fc8   ARM Code     596  dm9000dbg.o(.text)
    DM9000DBG_SendFrame                      0x3000121c   ARM Code      44  dm9000dbg.o(.text)
    DM9000DBG_CurrentPacketFilter            0x30001248   ARM Code     420  dm9000dbg.o(.text)
    DM9000DBG_MulticastList                  0x300013ec   ARM Code     424  dm9000dbg.o(.text)
    board_eth_get_addr                       0x30001594   ARM Code      36  dm9000dbg.o(.text)
    eth_init                                 0x30001620   ARM Code      16  eth.o(.text)
    eth_get_addr                             0x30001630   ARM Code      24  eth.o(.text)
    eth_send                                 0x30001648   ARM Code     112  eth.o(.text)
    eth_rcv                                  0x300016b8   ARM Code      32  eth.o(.text)
    eth_skb_reserve                          0x300016d8   ARM Code      28  eth.o(.text)
    icmp_rcv_packet                          0x300017dc   ARM Code      52  icmp.o(.text)
    ip_fast_csum                             0x30001818   ARM Code     116  ip.o(.text)
    ip_init                                  0x3000188c   ARM Code      20  ip.o(.text)
    ip_rcv_packet                            0x300018a0   ARM Code     128  ip.o(.text)
    ip_send                                  0x30001920   ARM Code     316  ip.o(.text)
    ip_skb_reserve                           0x30001a5c   ARM Code      36  ip.o(.text)
    ip_get_source_ip                         0x30001a80   ARM Code      36  ip.o(.text)
    skb_init                                 0x30001ab0   ARM Code       8  skbuff.o(.text)
    skb_headerinit                           0x30001ab8   ARM Code      56  skbuff.o(.text)
    alloc_skb                                0x30001af0   ARM Code      96  skbuff.o(.text)
    free_skb                                 0x30001b50   ARM Code       4  skbuff.o(.text)
    skb_put                                  0x30001b54   ARM Code      24  skbuff.o(.text)
    skb_pull                                 0x30001b6c   ARM Code      36  skbuff.o(.text)
    skb_push                                 0x30001b90   ARM Code      36  skbuff.o(.text)
    skb_reserve                              0x30001bb4   ARM Code      16  skbuff.o(.text)
    tftp_send_ack                            0x30001bd4   ARM Code     140  tftp.o(.text)
    tftp_rcv_wrq                             0x30001c60   ARM Code      84  tftp.o(.text)
    tftp_rcv_data                            0x30001cb4   ARM Code     296  tftp.o(.text)
    tftp_rcv_packet                          0x30001ddc   ARM Code     152  tftp.o(.text)
    ntohs                                    0x30001ea0   ARM Code      20  tftpmain.o(.text)
    ntohl                                    0x30001eb4   ARM Code      44  tftpmain.o(.text)
    htons                                    0x30001ee0   ARM Code      20  tftpmain.o(.text)
    htonl                                    0x30001ef4   ARM Code      24  tftpmain.o(.text)
    net_handle                               0x30001f0c   ARM Code     140  tftpmain.o(.text)
    NetLoadFile                              0x30001f98   ARM Code     384  tftpmain.o(.text)
    tftp_put_begin                           0x30002194   ARM Code      48  tftpput.o(.text)
    tftp_put                                 0x300021c4   ARM Code     136  tftpput.o(.text)
    update_bios                              0x3000224c   ARM Code      12  tftpput.o(.text)
    update_system_table                      0x30002258   ARM Code      12  tftpput.o(.text)
    update_partition_table                   0x30002264   ARM Code      12  tftpput.o(.text)
    update_partition                         0x30002270   ARM Code      12  tftpput.o(.text)
    update_firmware                          0x3000227c   ARM Code      12  tftpput.o(.text)
    tftp_put_end                             0x30002288   ARM Code      36  tftpput.o(.text)
    udp_init                                 0x300022cc   ARM Code       8  udp.o(.text)
    udp_rcv_packet                           0x300022d4   ARM Code      88  udp.o(.text)
    udp_send                                 0x3000232c   ARM Code     136  udp.o(.text)
    udp_skb_reserve                          0x300023b4   ARM Code      36  udp.o(.text)
    udp_get_source_port                      0x300023d8   ARM Code      36  udp.o(.text)
    port_init                                0x300023fc   ARM Code     160  2410lib.o(.text)
    uart_change_baud                         0x3000249c   ARM Code     216  2410lib.o(.text)
    delay                                    0x30002574   ARM Code     180  2410lib.o(.text)
    uart_init                                0x30002628   ARM Code     492  2410lib.o(.text)
    uart_select                              0x30002814   ARM Code      12  2410lib.o(.text)
    uart_txempty                             0x30002820   ARM Code      96  2410lib.o(.text)
    uart_getch                               0x30002880   ARM Code     152  2410lib.o(.text)
    uart_getkey                              0x30002918   ARM Code     164  2410lib.o(.text)
    uart_sendbyte                            0x300029bc   ARM Code     324  2410lib.o(.text)
    uart_sendstring                          0x30002b00   ARM Code      40  2410lib.o(.text)
    uart_printf                              0x30002b28   ARM Code      64  2410lib.o(.text)
    uart_getstring                           0x30002b68   ARM Code     100  2410lib.o(.text)
    uart_getintnum                           0x30002bcc   ARM Code     460  2410lib.o(.text)
    timer_start                              0x30002d98   ARM Code      60  2410lib.o(.text)
    timer_stop                               0x30002dd4   ARM Code      32  2410lib.o(.text)
    change_value_MPLL                        0x30002df4   ARM Code      24  2410lib.o(.text)
    change_clock_divider                     0x30002e0c   ARM Code      16  2410lib.o(.text)
    ChangeUPllValue                          0x30002e1c   ARM Code      24  2410lib.o(.text)
    EnableMMU                                0x30002e34   ARM Code      36  2410lib.o(.text)
    InitMMU                                  0x30002e58   ARM Code     152  2410lib.o(.text)
    __gccmain                                0x30002ef0   ARM Code       4  2410lib.o(.text)
    break_point                              0x30002efc   ARM Code      20  sys_init.o(.text)
    debug_undef                              0x30002f10   ARM Code      48  sys_init.o(.text)
    debug_swi                                0x30002f40   ARM Code      48  sys_init.o(.text)
    debug_abort_d                            0x30002f70   ARM Code      48  sys_init.o(.text)
    debug_abort_p                            0x30002fa0   ARM Code      48  sys_init.o(.text)
    debug_fiq                                0x30002fd0   ARM Code      48  sys_init.o(.text)
    interrupts_init                          0x30003000   ARM Code     608  sys_init.o(.text)
    beep_init                                0x30003260   ARM Code      56  sys_init.o(.text)
    print_infor                              0x30003298   ARM Code      52  sys_init.o(.text)
    sys_init                                 0x300032cc   ARM Code     132  sys_init.o(.text)
    Inline Thumb to ARM Veneer to __rt_ctype_table 0x30003371   Thumb Code     4  rt_ctype_table.o(.text)
    __rt_ctype_table                         0x30003374   ARM Code      24  rt_ctype_table.o(.text)
    Inline ARM to Thumb Veneer to __c89vsprintf 0x3000338c   ARM Code       8  c89vsprintf.o(.text)
    __c89vsprintf                            0x30003395   Thumb Code    36  c89vsprintf.o(.text)
    Inline ARM to Thumb Veneer to atoi       0x300033bc   ARM Code       8  atoi.o(.text)
    atoi                                     0x300033c5   Thumb Code    30  atoi.o(.text)
    Inline ARM to Thumb Veneer to strlen     0x300033e4   ARM Code       8  strlen.o(.text)
    strlen                                   0x300033ed   Thumb Code    64  strlen.o(.text)
    memcpy                                   0x30003430   ARM Code      16  memcpy.o(.text)
    memset                                   0x30003440   ARM Code      32  memset.o(.text)
    __aeabi_uread4                           0x30003460   ARM Code       0  uread4.o(.text)
    __rt_uread4                              0x30003460   ARM Code      32  uread4.o(.text)
    __aeabi_uwrite4                          0x30003480   ARM Code       0  uwrite4.o(.text)
    __rt_uwrite4                             0x30003480   ARM Code      32  uwrite4.o(.text)
    Inline Thumb to ARM Veneer to __aeabi_idivmod 0x300034a1   Thumb Code     4  aeabi_sdiv.o(.text)
    __aeabi_idiv                             0x300034a4   ARM Code       0  aeabi_sdiv.o(.text)
    __aeabi_idivmod                          0x300034a4   ARM Code     384  aeabi_sdiv.o(.text)
    __use_two_region_memory                  0x30003625   Thumb Code     2  heapauxi.o(.text)
    __rt_heap_escrow$2region                 0x30003627   Thumb Code     2  heapauxi.o(.text)
    __rt_heap_expand$2region                 0x30003629   Thumb Code     2  heapauxi.o(.text)
    Inline Thumb to ARM Veneer to __rt_locale 0x3000362d   Thumb Code     4  rt_locale_intlibspace.o(.text)
    __rt_locale                              0x30003630   ARM Code      12  rt_locale_intlibspace.o(.text)
    Inline Thumb to ARM Veneer to __aeabi_errno_addr 0x3000363d   Thumb Code     4  rt_errno_addr_intlibspace.o(.text)
    __aeabi_errno_addr                       0x30003640   ARM Code      12  rt_errno_addr_intlibspace.o(.text)
    __errno$intlibspace                      0x30003640   ARM Code       0  rt_errno_addr_intlibspace.o(.text)
    __rt_errno_addr$intlibspace              0x30003640   ARM Code       0  rt_errno_addr_intlibspace.o(.text)
    _printf_pre_padding                      0x3000364d   Thumb Code    50  _printf_pad.o(.text)
    _printf_post_padding                     0x3000367f   Thumb Code    36  _printf_pad.o(.text)
    _printf_truncate_signed                  0x300036a3   Thumb Code    22  _printf_truncate.o(.text)
    _printf_truncate_unsigned                0x300036b9   Thumb Code    22  _printf_truncate.o(.text)
    _printf_str                              0x300036cf   Thumb Code    88  _printf_str.o(.text)
    Inline ARM to Thumb Veneer to _printf_int_dec 0x30003728   ARM Code       8  _printf_dec.o(.text)
    _printf_int_dec                          0x30003731   Thumb Code    94  _printf_dec.o(.text)
    Inline ARM to Thumb Veneer to _printf_charcount 0x300037a0   ARM Code       8  _printf_charcount.o(.text)
    _printf_charcount                        0x300037a9   Thumb Code    40  _printf_charcount.o(.text)
    _printf_char_common                      0x300037db   Thumb Code    34  _printf_char_common.o(.text)
    _sputc                                   0x30003801   Thumb Code    10  _sputc.o(.text)
    _printf_wctomb                           0x3000380d   Thumb Code   188  _printf_wctomb.o(.text)
    Inline ARM to Thumb Veneer to _printf_longlong_dec 0x300038cc   ARM Code       8  _printf_longlong_dec.o(.text)
    _printf_longlong_dec                     0x300038d5   Thumb Code    98  _printf_longlong_dec.o(.text)
    Inline ARM to Thumb Veneer to _printf_int_oct 0x30003948   ARM Code       8  _printf_oct_int_ll.o(.text)
    _printf_longlong_oct                     0x30003951   Thumb Code    72  _printf_oct_int_ll.o(.text)
    _printf_int_oct                          0x30003999   Thumb Code    28  _printf_oct_int_ll.o(.text)
    _printf_ll_oct                           0x300039b5   Thumb Code    10  _printf_oct_int_ll.o(.text)
    Inline ARM to Thumb Veneer to _printf_hex_ptr 0x300039c8   ARM Code       8  _printf_hex_int_ll_ptr.o(.text)
    _printf_longlong_hex                     0x300039d1   Thumb Code    92  _printf_hex_int_ll_ptr.o(.text)
    _printf_int_hex                          0x30003a2d   Thumb Code    32  _printf_hex_int_ll_ptr.o(.text)
    _printf_ll_hex                           0x30003a4d   Thumb Code    10  _printf_hex_int_ll_ptr.o(.text)
    _printf_hex_ptr                          0x30003a57   Thumb Code    22  _printf_hex_int_ll_ptr.o(.text)
    __printf                                 0x30003a71   Thumb Code   406  __printf_flags_ss_wp.o(.text)
    strtol                                   0x30003c0d   Thumb Code   112  strtol.o(.text)
    __aeabi_memcpy                           0x30003c80   ARM Code       0  rt_memcpy.o(.text)
    __rt_memcpy                              0x30003c80   ARM Code     212  rt_memcpy.o(.text)
    _memcpy_lastbytes                        0x30003d34   ARM Code       0  rt_memcpy.o(.text)
    __aeabi_memclr                           0x30003d54   ARM Code       0  rt_memclr.o(.text)
    __rt_memclr                              0x30003d54   ARM Code      64  rt_memclr.o(.text)
    _memset                                  0x30003d58   ARM Code       0  rt_memclr.o(.text)
    __user_libspace                          0x30003d94   ARM Code      12  libspace.o(.text)
    __user_perproc_libspace                  0x30003d94   ARM Code       0  libspace.o(.text)
    __user_perthread_libspace                0x30003d94   ARM Code       0  libspace.o(.text)
    Inline Thumb to ARM Veneer to _ll_udiv10 0x30003da1   Thumb Code     4  lludiv10.o(.text)
    _ll_udiv10                               0x30003da4   ARM Code     160  lludiv10.o(.text)
    _printf_int_common                       0x30003e45   Thumb Code   186  _printf_intcommon.o(.text)
    __lib_sel_fp_printf                      0x30003f01   Thumb Code     2  _printf_fp_dec.o(.text)
    _printf_fp_dec_real                      0x300040a1   Thumb Code   626  _printf_fp_dec.o(.text)
    Inline ARM to Thumb Veneer to _printf_char 0x30004320   ARM Code       8  _printf_char.o(.text)
    _printf_cs_common                        0x30004329   Thumb Code    26  _printf_char.o(.text)
    _printf_char                             0x30004343   Thumb Code    16  _printf_char.o(.text)
    _printf_string                           0x30004353   Thumb Code     8  _printf_char.o(.text)
    Inline ARM to Thumb Veneer to _printf_wchar 0x3000435c   ARM Code       8  _printf_wchar.o(.text)
    _printf_lcs_common                       0x30004365   Thumb Code    26  _printf_wchar.o(.text)
    _printf_wchar                            0x3000437f   Thumb Code    16  _printf_wchar.o(.text)
    _printf_wstring                          0x3000438f   Thumb Code     8  _printf_wchar.o(.text)
    _strtoul                                 0x30004397   Thumb Code   172  _strtoul.o(.text)
    _wcrtomb                                 0x30004443   Thumb Code    74  _wcrtomb.o(.text)
    __aeabi_memcpy4                          0x3000448c   ARM Code       0  rt_memcpy_w.o(.text)
    __aeabi_memcpy8                          0x3000448c   ARM Code       0  rt_memcpy_w.o(.text)
    __rt_memcpy_w                            0x3000448c   ARM Code     100  rt_memcpy_w.o(.text)
    _memcpy_lastbytes_aligned                0x300044d8   ARM Code       0  rt_memcpy_w.o(.text)
    __aeabi_memclr4                          0x300044f0   ARM Code       0  rt_memclr_w.o(.text)
    __aeabi_memclr8                          0x300044f0   ARM Code       0  rt_memclr_w.o(.text)
    __rt_memclr_w                            0x300044f0   ARM Code      84  rt_memclr_w.o(.text)
    _memset_w                                0x300044f4   ARM Code       0  rt_memclr_w.o(.text)
    strcmp                                   0x30004544   ARM Code     156  strcmp.o(.text)
    Inline Thumb to ARM Veneer to __rt_udiv10 0x300045e5   Thumb Code     4  rtudiv10.o(.text)
    __rt_udiv10                              0x300045e8   ARM Code      44  rtudiv10.o(.text)
    __user_setup_stackheap                   0x30004614   ARM Code      96  sys_stackheap_outer.o(.text)
    _printf_fp_infnan                        0x30004675   Thumb Code   128  _printf_fp_infnan.o(.text)
    _chval                                   0x30004705   Thumb Code    30  _chval.o(.text)
    _btod_etento                             0x30004725   Thumb Code   210  bigflt0.o(.text)
    exit                                     0x300047fd   Thumb Code    12  exit.o(.text)
    Inline ARM to Thumb Veneer to _sys_exit  0x30004808   ARM Code       8  sys_exit.o(.text)
    _sys_exit                                0x30004811   Thumb Code     8  sys_exit.o(.text)
    __I$use$semihosting                      0x3000481c   ARM Code       0  use_no_semi.o(.text)
    __use_no_semihosting_swi                 0x3000481c   ARM Code       4  use_no_semi.o(.text)
    Inline Thumb to ARM Veneer to _btod_d2e  0x30004821   Thumb Code     4  btod.o(CL$$btod_d2e)
    __semihosting_library_function           0x30004820   ARM Code       0  indicate_semi.o(.text)
    _btod_d2e                                0x30004824   ARM Code      56  btod.o(CL$$btod_d2e)
    _d2e_denorm_low                          0x3000485c   ARM Code      84  btod.o(CL$$btod_d2e_denorm_low)
    _d2e_norm_op1                            0x300048b0   ARM Code     104  btod.o(CL$$btod_d2e_norm_op1)
    __btod_div_common                        0x30004918   ARM Code     716  btod.o(CL$$btod_div_common)
    _e2e                                     0x30004c64   ARM Code     220  btod.o(CL$$btod_e2e)
    Inline Thumb to ARM Veneer to _btod_ediv 0x30004d41   Thumb Code     4  btod.o(CL$$btod_ediv)
    _btod_ediv                               0x30004d44   ARM Code      52  btod.o(CL$$btod_ediv)
    Inline Thumb to ARM Veneer to _btod_emul 0x30004d79   Thumb Code     4  btod.o(CL$$btod_emul)
    _btod_emul                               0x30004d7c   ARM Code      52  btod.o(CL$$btod_emul)
    __btod_mult_common                       0x30004db0   ARM Code     616  btod.o(CL$$btod_mult_common)
    Long ARM to Thumb Veneer to _printf_int_hex 0x30005018   ARM Code      12  anon$$obj.o(Veneer$$Code)
    Long ARM to Thumb Veneer to _printf_ll_oct 0x30005024   ARM Code      12  anon$$obj.o(Veneer$$Code)
    Long ARM to Thumb Veneer to _printf_ll_hex 0x30005030   ARM Code      12  anon$$obj.o(Veneer$$Code)
    Long ARM to Thumb Veneer to _printf_string 0x3000503c   ARM Code      12  anon$$obj.o(Veneer$$Code)
    Long ARM to Thumb Veneer to _printf_wstring 0x30005048   ARM Code      12  anon$$obj.o(Veneer$$Code)
    Long ARM to Thumb Veneer to _printf_fp_dec_real 0x30005054   ARM Code      12  anon$$obj.o(Veneer$$Code)
    __ARM_common_call_via_r1                 0x30005061   Thumb Code     2  __printf.o(i.__ARM_common_call_via_r1)
    __ARM_common_call_via_r2                 0x30005063   Thumb Code     2  _printf_wctomb.o(i.__ARM_common_call_via_r2)
    __ARM_common_call_via_r3                 0x30005065   Thumb Code     2  _wcrtomb.o(i.__ARM_common_call_via_r3)
    Inline Thumb to ARM Veneer to __ARM_fpclassify 0x30005069   Thumb Code     4  fpclassify.o(i.__ARM_fpclassify)
    __ARM_fpclassify                         0x3000506c   ARM Code      48  fpclassify.o(i.__ARM_fpclassify)
    _is_digit                                0x3000509d   Thumb Code    14  __printf_wp.o(i._is_digit)
    Inline Thumb to ARM Veneer to _get_lc_ctype 0x300050ad   Thumb Code     4  lc_ctype_c.o(locale$$code)
    _get_lc_ctype                            0x300050b0   ARM Code      80  lc_ctype_c.o(locale$$code)
    Inline Thumb to ARM Veneer to _get_lc_numeric 0x30005101   Thumb Code     4  lc_numeric_c.o(locale$$code)
    _get_lc_numeric                          0x30005104   ARM Code      80  lc_numeric_c.o(locale$$code)
    __aeabi_dadd                             0x30005154   ARM Code       0  daddsub_noclz.o(x$fpl$dadd)
    _dadd                                    0x30005154   ARM Code     336  daddsub_noclz.o(x$fpl$dadd)
    __aeabi_ddiv                             0x300052a8   ARM Code       0  ddiv.o(x$fpl$ddiv)
    _ddiv                                    0x300052a8   ARM Code     600  ddiv.o(x$fpl$ddiv)
    __aeabi_d2iz                             0x30005588   ARM Code       0  dfix.o(x$fpl$dfix)
    _dfix                                    0x30005588   ARM Code     112  dfix.o(x$fpl$dfix)
    __aeabi_i2d                              0x300055f8   ARM Code       0  dflt_noclz.o(x$fpl$dflt)
    _dflt                                    0x300055f8   ARM Code      88  dflt_noclz.o(x$fpl$dflt)
    __dflt_normalise                         0x30005608   ARM Code       0  dflt_noclz.o(x$fpl$dflt)
    __fpl_dnaninf                            0x30005650   ARM Code     192  dnaninf.o(x$fpl$dnaninf)
    __fpl_dretinf                            0x30005710   ARM Code      16  dretinf.o(x$fpl$dretinf)
    __aeabi_dsub                             0x30005720   ARM Code       0  daddsub_noclz.o(x$fpl$dsub)
    _dsub                                    0x30005720   ARM Code     576  daddsub_noclz.o(x$fpl$dsub)
    Inline Thumb to ARM Veneer to __ieee_status 0x30005965   Thumb Code     4  istatus.o(x$fpl$ieeestatus)
    __ieee_status                            0x30005968   ARM Code       8  istatus.o(x$fpl$ieeestatus)
    _printf_fp_dec                           0x30005970   ARM Code       4  printf1.o(x$fpl$printf1)
    __I$use$fp                               0x30005974   Number         0  usenofp.o(x$fpl$usenofp)
    Region$$Table$$Base                      0x30005b24   Number         0  anon$$obj.o(Region$$Table)
    Region$$Table$$Limit                     0x30005b44   Number         0  anon$$obj.o(Region$$Table)
    __ctype                                  0x30005b51   Data           0  lc_ctype_c.o(locale$$data)
    download_len                             0x30030000   Data           4  main.o(.data)
    download_addr                            0x30030004   Data           4  main.o(.data)
    MacAddr                                  0x3003000c   Data           6  dm9000dbg.o(.data)
    skb_cur                                  0x30030038   Data           4  skbuff.o(.data)
    client_ip                                0x3003003c   Data           4  tftp.o(.data)
    client_port                              0x30030040   Data           2  tftp.o(.data)
    client_block                             0x30030042   Data           2  tftp.o(.data)
    TftpLoadEnd                              0x30030044   Data           1  tftpmain.o(.data)
    TftpPutBegin                             0x30030045   Data           1  tftpmain.o(.data)
    TftpPutMark                              0x30030046   Data           1  tftpmain.o(.data)
    f_nWhichUart                             0x30030058   Data           4  2410lib.o(.data)
    Image$$RW_ZI$$ZI$$Limit                  0x3003005c   Data           1  2410lib.o(.data)
    nCNT                                     0x30030060   Data           4  sys_init.o(.data)
    skbuff                                   0x30030130   Data        7640  skbuff.o(.bss)
    __libspace_start                         0x30031f08   Data          96  libspace.o(.bss)
    __temporary_stack_top$libspace           0x30031f68   Data           0  libspace.o(.bss)



==============================================================================

Memory Map of the image

  Image Entry point : 0x300001fc

  Load Region LR_ROM1 (Base: 0x30000000, Size: 0x00005cd4, Max: 0x00030000, ABSOLUTE)

    Execution Region ER_ROM1 (Base: 0x30000000, Size: 0x00005c70, Max: 0x00030000, ABSOLUTE)

    Base Addr    Size         Type   Attr      Idx    E Section Name        Object

    0x30000000   0x000001fc   Code   RO            3    RESET               s3c2410a.o
    0x300001fc   0x00000008   Code   RO          339  * !!!main             c_t.l(__main.o)
    0x30000204   0x0000003c   Code   RO          711    !!!scatter          c_t.l(__scatter.o)
    0x30000240   0x00000028   Code   RO          713    !!handler_copy      c_t.l(__scatter_copy.o)
    0x30000268   0x0000002c   Code   RO          715    !!handler_zi        c_t.l(__scatter_zi.o)
    0x30000294   0x00000004   Ven    RO          462    .ARM.Collect$$_printf_percent$$00000000  c_t.l(_printf_percent.o)
    0x30000298   0x00000000   Code   RO          462    .ARM.Collect$$_printf_percent$$00000000  c_t.l(_printf_percent.o)
    0x30000298   0x00000008   Code   RO          451    .ARM.Collect$$_printf_percent$$00000001  c_t.l(_printf_n.o)
    0x300002a0   0x00000008   Code   RO          453    .ARM.Collect$$_printf_percent$$00000002  c_t.l(_printf_p.o)
    0x300002a8   0x00000008   Code   RO          458    .ARM.Collect$$_printf_percent$$00000003  c_t.l(_printf_f.o)
    0x300002b0   0x00000008   Code   RO          459    .ARM.Collect$$_printf_percent$$00000004  c_t.l(_printf_e.o)
    0x300002b8   0x00000008   Code   RO          460    .ARM.Collect$$_printf_percent$$00000005  c_t.l(_printf_g.o)
    0x300002c0   0x00000008   Code   RO          461    .ARM.Collect$$_printf_percent$$00000006  c_t.l(_printf_a.o)
    0x300002c8   0x0000000c   Code   RO          466    .ARM.Collect$$_printf_percent$$00000007  c_t.l(_printf_ll.o)
    0x300002d4   0x00000008   Code   RO          455    .ARM.Collect$$_printf_percent$$00000008  c_t.l(_printf_i.o)
    0x300002dc   0x00000008   Code   RO          456    .ARM.Collect$$_printf_percent$$00000009  c_t.l(_printf_d.o)
    0x300002e4   0x00000008   Code   RO          457    .ARM.Collect$$_printf_percent$$0000000A  c_t.l(_printf_u.o)
    0x300002ec   0x00000008   Code   RO          454    .ARM.Collect$$_printf_percent$$0000000B  c_t.l(_printf_o.o)
    0x300002f4   0x00000008   Code   RO          452    .ARM.Collect$$_printf_percent$$0000000C  c_t.l(_printf_x.o)
    0x300002fc   0x00000008   Code   RO          463    .ARM.Collect$$_printf_percent$$0000000D  c_t.l(_printf_lli.o)
    0x30000304   0x00000008   Code   RO          464    .ARM.Collect$$_printf_percent$$0000000E  c_t.l(_printf_lld.o)
    0x3000030c   0x00000008   Code   RO          465    .ARM.Collect$$_printf_percent$$0000000F  c_t.l(_printf_llu.o)
    0x30000314   0x00000008   Code   RO          470    .ARM.Collect$$_printf_percent$$00000010  c_t.l(_printf_llo.o)
    0x3000031c   0x00000008   Code   RO          471    .ARM.Collect$$_printf_percent$$00000011  c_t.l(_printf_llx.o)
    0x30000324   0x0000000c   Code   RO          467    .ARM.Collect$$_printf_percent$$00000012  c_t.l(_printf_l.o)
    0x30000330   0x00000008   Code   RO          449    .ARM.Collect$$_printf_percent$$00000013  c_t.l(_printf_c.o)
    0x30000338   0x00000008   Code   RO          450    .ARM.Collect$$_printf_percent$$00000014  c_t.l(_printf_s.o)
    0x30000340   0x00000008   Code   RO          468    .ARM.Collect$$_printf_percent$$00000015  c_t.l(_printf_lc.o)
    0x30000348   0x00000008   Code   RO          469    .ARM.Collect$$_printf_percent$$00000016  c_t.l(_printf_ls.o)
    0x30000350   0x00000008   Code   RO          524    .ARM.Collect$$_printf_percent$$00000017  c_t.l(_printf_percent_end.o)
    0x30000358   0x00000008   Ven    RO          629    .ARM.Collect$$libinit$$00000000  c_t.l(libinit.o)
    0x30000360   0x00000002   Code   RO          629    .ARM.Collect$$libinit$$00000000  c_t.l(libinit.o)
    0x30000362   0x00000000   Code   RO          540    .ARM.Collect$$libinit$$00000002  c_t.l(libinit2.o)
    0x30000362   0x00000000   Code   RO          543    .ARM.Collect$$libinit$$00000008  c_t.l(libinit2.o)
    0x30000362   0x00000000   Code   RO          545    .ARM.Collect$$libinit$$0000000A  c_t.l(libinit2.o)
    0x30000362   0x00000000   Code   RO          547    .ARM.Collect$$libinit$$0000000C  c_t.l(libinit2.o)
    0x30000362   0x00000006   Code   RO          548    .ARM.Collect$$libinit$$0000000D  c_t.l(libinit2.o)
    0x30000368   0x00000000   Code   RO          550    .ARM.Collect$$libinit$$0000000F  c_t.l(libinit2.o)
    0x30000368   0x0000000c   Code   RO          551    .ARM.Collect$$libinit$$00000010  c_t.l(libinit2.o)
    0x30000374   0x00000000   Code   RO          552    .ARM.Collect$$libinit$$00000011  c_t.l(libinit2.o)
    0x30000374   0x00000000   Code   RO          554    .ARM.Collect$$libinit$$00000013  c_t.l(libinit2.o)
    0x30000374   0x0000000a   Code   RO          555    .ARM.Collect$$libinit$$00000014  c_t.l(libinit2.o)
    0x3000037e   0x00000000   Code   RO          556    .ARM.Collect$$libinit$$00000015  c_t.l(libinit2.o)
    0x3000037e   0x00000000   Code   RO          558    .ARM.Collect$$libinit$$00000017  c_t.l(libinit2.o)
    0x3000037e   0x00000000   Code   RO          560    .ARM.Collect$$libinit$$00000019  c_t.l(libinit2.o)
    0x3000037e   0x00000000   Code   RO          562    .ARM.Collect$$libinit$$0000001B  c_t.l(libinit2.o)
    0x3000037e   0x00000000   Code   RO          564    .ARM.Collect$$libinit$$0000001D  c_t.l(libinit2.o)
    0x3000037e   0x00000000   Code   RO          566    .ARM.Collect$$libinit$$0000001F  c_t.l(libinit2.o)
    0x3000037e   0x00000000   Code   RO          568    .ARM.Collect$$libinit$$00000021  c_t.l(libinit2.o)
    0x3000037e   0x00000000   Code   RO          570    .ARM.Collect$$libinit$$00000023  c_t.l(libinit2.o)
    0x3000037e   0x00000000   Code   RO          574    .ARM.Collect$$libinit$$0000002A  c_t.l(libinit2.o)
    0x3000037e   0x00000000   Code   RO          576    .ARM.Collect$$libinit$$0000002C  c_t.l(libinit2.o)
    0x3000037e   0x00000000   Code   RO          578    .ARM.Collect$$libinit$$0000002E  c_t.l(libinit2.o)
    0x3000037e   0x00000000   Code   RO          580    .ARM.Collect$$libinit$$00000030  c_t.l(libinit2.o)
    0x3000037e   0x0000000c   Code   RO          581    .ARM.Collect$$libinit$$00000031  c_t.l(libinit2.o)
    0x3000038a   0x00000002   PAD
    0x3000038c   0x00000008   Ven    RO          680    .ARM.Collect$$libshutdown$$00000000  c_t.l(libshutdown.o)
    0x30000394   0x00000004   Code   RO          680    .ARM.Collect$$libshutdown$$00000000  c_t.l(libshutdown.o)
    0x30000398   0x00000000   Code   RO          697    .ARM.Collect$$libshutdown$$00000003  c_t.l(libshutdown2.o)
    0x30000398   0x00000000   Code   RO          700    .ARM.Collect$$libshutdown$$00000006  c_t.l(libshutdown2.o)
    0x30000398   0x00000000   Code   RO          703    .ARM.Collect$$libshutdown$$00000009  c_t.l(libshutdown2.o)
    0x30000398   0x00000000   Code   RO          705    .ARM.Collect$$libshutdown$$0000000B  c_t.l(libshutdown2.o)
    0x30000398   0x00000000   Code   RO          708    .ARM.Collect$$libshutdown$$0000000E  c_t.l(libshutdown2.o)
    0x30000398   0x00000006   Code   RO          709    .ARM.Collect$$libshutdown$$0000000F  c_t.l(libshutdown2.o)
    0x3000039e   0x00000002   PAD
    0x300003a0   0x00000000   Code   RO          359    .ARM.Collect$$rtentry$$00000000  c_t.l(rtentry.o)
    0x300003a0   0x00000000   Code   RO          492    .ARM.Collect$$rtentry$$00000002  c_t.l(rtentry2.o)
    0x300003a0   0x00000008   Code   RO          504    .ARM.Collect$$rtentry$$00000004  c_t.l(rtentry4.o)
    0x300003a8   0x00000000   Code   RO          494    .ARM.Collect$$rtentry$$00000009  c_t.l(rtentry2.o)
    0x300003a8   0x00000004   Code   RO          495    .ARM.Collect$$rtentry$$0000000A  c_t.l(rtentry2.o)
    0x300003ac   0x00000000   Code   RO          497    .ARM.Collect$$rtentry$$0000000C  c_t.l(rtentry2.o)
    0x300003ac   0x00000028   Code   RO          498    .ARM.Collect$$rtentry$$0000000D  c_t.l(rtentry2.o)
    0x300003d4   0x00000004   Ven    RO          636    .ARM.Collect$$rtexit$$00000000  c_t.l(rtexit.o)
    0x300003d8   0x00000004   Code   RO          636    .ARM.Collect$$rtexit$$00000000  c_t.l(rtexit.o)
    0x300003dc   0x00000000   Code   RO          653    .ARM.Collect$$rtexit$$00000002  c_t.l(rtexit2.o)
    0x300003dc   0x00000004   Code   RO          654    .ARM.Collect$$rtexit$$00000003  c_t.l(rtexit2.o)
    0x300003e0   0x00000008   Code   RO          655    .ARM.Collect$$rtexit$$00000004  c_t.l(rtexit2.o)
    0x300003e8   0x00000024   Code   RO            4    .text               s3c2410a.o
    0x3000040c   0x00000090   Code   RO           11    .text               main.o
    0x3000049c   0x000003e0   Code   RO           46    .text               arp.o
    0x3000087c   0x00000da4   Code   RO           73    .text               dm9000dbg.o
    0x30001620   0x000000d4   Code   RO           91    .text               eth.o
    0x300016f4   0x00000124   Code   RO          103    .text               icmp.o
    0x30001818   0x00000298   Code   RO          123    .text               ip.o
    0x30001ab0   0x00000124   Code   RO          140    .text               skbuff.o
    0x30001bd4   0x000002cc   Code   RO          156    .text               tftp.o
    0x30001ea0   0x000002f4   Code   RO          177    .text               tftpmain.o
    0x30002194   0x00000138   Code   RO          203    .text               tftpput.o
    0x300022cc   0x00000130   Code   RO          218    .text               udp.o
    0x300023fc   0x00000b00   Code   RO          230    .text               2410lib.o
    0x30002efc   0x00000474   Code   RO          280    .text               sys_init.o
    0x30003370   0x00000004   Ven    RO          305    .text               c_t.l(rt_ctype_table.o)
    0x30003374   0x00000018   Code   RO          305    .text               c_t.l(rt_ctype_table.o)
    0x3000338c   0x00000008   Ven    RO          307    .text               c_t.l(c89vsprintf.o)
    0x30003394   0x00000028   Code   RO          307    .text               c_t.l(c89vsprintf.o)
    0x300033bc   0x00000008   Ven    RO          309    .text               c_t.l(atoi.o)
    0x300033c4   0x0000001e   Code   RO          309    .text               c_t.l(atoi.o)
    0x300033e2   0x00000002   PAD
    0x300033e4   0x00000008   Ven    RO          311    .text               c_t.l(strlen.o)
    0x300033ec   0x00000044   Code   RO          311    .text               c_t.l(strlen.o)
    0x30003430   0x00000010   Code   RO          313    .text               c_t.l(memcpy.o)
    0x30003440   0x00000020   Code   RO          315    .text               c_t.l(memset.o)
    0x30003460   0x00000020   Code   RO          317    .text               c_t.l(uread4.o)
    0x30003480   0x00000020   Code   RO          319    .text               c_t.l(uwrite4.o)
    0x300034a0   0x00000004   Ven    RO          321    .text               c_t.l(aeabi_sdiv.o)
    0x300034a4   0x00000180   Code   RO          321    .text               c_t.l(aeabi_sdiv.o)
    0x30003624   0x00000006   Code   RO          337    .text               c_t.l(heapauxi.o)
    0x3000362a   0x00000002   PAD
    0x3000362c   0x00000004   Ven    RO          367    .text               c_t.l(rt_locale_intlibspace.o)
    0x30003630   0x0000000c   Code   RO          367    .text               c_t.l(rt_locale_intlibspace.o)
    0x3000363c   0x00000004   Ven    RO          372    .text               c_t.l(rt_errno_addr_intlibspace.o)
    0x30003640   0x0000000c   Code   RO          372    .text               c_t.l(rt_errno_addr_intlibspace.o)
    0x3000364c   0x00000056   Code   RO          380    .text               c_t.l(_printf_pad.o)
    0x300036a2   0x0000002c   Code   RO          382    .text               c_t.l(_printf_truncate.o)
    0x300036ce   0x00000058   Code   RO          384    .text               c_t.l(_printf_str.o)
    0x30003726   0x00000002   PAD
    0x30003728   0x00000008   Ven    RO          386    .text               c_t.l(_printf_dec.o)
    0x30003730   0x00000070   Code   RO          386    .text               c_t.l(_printf_dec.o)
    0x300037a0   0x00000008   Ven    RO          388    .text               c_t.l(_printf_charcount.o)
    0x300037a8   0x00000028   Code   RO          388    .text               c_t.l(_printf_charcount.o)
    0x300037d0   0x00000030   Code   RO          390    .text               c_t.l(_printf_char_common.o)
    0x30003800   0x0000000a   Code   RO          392    .text               c_t.l(_sputc.o)
    0x3000380a   0x00000002   PAD
    0x3000380c   0x000000c0   Code   RO          394    .text               c_t.l(_printf_wctomb.o)
    0x300038cc   0x00000008   Ven    RO          400    .text               c_t.l(_printf_longlong_dec.o)
    0x300038d4   0x00000074   Code   RO          400    .text               c_t.l(_printf_longlong_dec.o)
    0x30003948   0x00000008   Ven    RO          406    .text               c_t.l(_printf_oct_int_ll.o)
    0x30003950   0x00000078   Code   RO          406    .text               c_t.l(_printf_oct_int_ll.o)
    0x300039c8   0x00000008   Ven    RO          426    .text               c_t.l(_printf_hex_int_ll_ptr.o)
    0x300039d0   0x000000a0   Code   RO          426    .text               c_t.l(_printf_hex_int_ll_ptr.o)
    0x30003a70   0x0000019c   Code   RO          446    .text               c_t.l(__printf_flags_ss_wp.o)
    0x30003c0c   0x00000074   Code   RO          472    .text               c_t.l(strtol.o)
    0x30003c80   0x000000d4   Code   RO          477    .text               c_t.l(rt_memcpy.o)
    0x30003d54   0x00000040   Code   RO          479    .text               c_t.l(rt_memclr.o)
    0x30003d94   0x0000000c   Code   RO          488    .text               c_t.l(libspace.o)
    0x30003da0   0x00000004   Ven    RO          508    .text               c_t.l(lludiv10.o)
    0x30003da4   0x000000a0   Code   RO          508    .text               c_t.l(lludiv10.o)
    0x30003e44   0x000000ba   Code   RO          510    .text               c_t.l(_printf_intcommon.o)
    0x30003efe   0x00000002   PAD
    0x30003f00   0x00000420   Code   RO          512    .text               c_t.l(_printf_fp_dec.o)
    0x30004320   0x00000008   Ven    RO          520    .text               c_t.l(_printf_char.o)
    0x30004328   0x00000032   Code   RO          520    .text               c_t.l(_printf_char.o)
    0x3000435a   0x00000002   PAD
    0x3000435c   0x00000008   Ven    RO          522    .text               c_t.l(_printf_wchar.o)
    0x30004364   0x00000032   Code   RO          522    .text               c_t.l(_printf_wchar.o)
    0x30004396   0x000000ac   Code   RO          525    .text               c_t.l(_strtoul.o)
    0x30004442   0x0000004a   Code   RO          527    .text               c_t.l(_wcrtomb.o)
    0x3000448c   0x00000064   Code   RO          531    .text               c_t.l(rt_memcpy_w.o)
    0x300044f0   0x00000054   Code   RO          533    .text               c_t.l(rt_memclr_w.o)
    0x30004544   0x000000a0   Code   RO          535    .text               c_t.l(strcmp.o)
    0x300045e4   0x00000004   Ven    RO          537    .text               c_t.l(rtudiv10.o)
    0x300045e8   0x0000002c   Code   RO          537    .text               c_t.l(rtudiv10.o)
    0x30004614   0x00000060   Code   RO          582    .text               c_t.l(sys_stackheap_outer.o)
    0x30004674   0x00000090   Code   RO          584    .text               c_t.l(_printf_fp_infnan.o)
    0x30004704   0x0000001e   Code   RO          586    .text               c_t.l(_chval.o)
    0x30004722   0x00000002   PAD
    0x30004724   0x000000d8   Code   RO          588    .text               c_t.l(bigflt0.o)
    0x300047fc   0x0000000c   Code   RO          616    .text               c_t.l(exit.o)
    0x30004808   0x00000008   Ven    RO          650    .text               c_t.l(sys_exit.o)
    0x30004810   0x0000000c   Code   RO          650    .text               c_t.l(sys_exit.o)
    0x3000481c   0x00000004   Code   RO          671    .text               c_t.l(use_no_semi.o)
    0x30004820   0x00000000   Code   RO          673    .text               c_t.l(indicate_semi.o)
    0x30004820   0x00000004   Ven    RO          591    CL$$btod_d2e        c_t.l(btod.o)
    0x30004824   0x00000038   Code   RO          591    CL$$btod_d2e        c_t.l(btod.o)
    0x3000485c   0x00000054   Code   RO          593    CL$$btod_d2e_denorm_low  c_t.l(btod.o)
    0x300048b0   0x00000068   Code   RO          592    CL$$btod_d2e_norm_op1  c_t.l(btod.o)
    0x30004918   0x0000034c   Code   RO          601    CL$$btod_div_common  c_t.l(btod.o)
    0x30004c64   0x000000dc   Code   RO          598    CL$$btod_e2e        c_t.l(btod.o)
    0x30004d40   0x00000004   Ven    RO          595    CL$$btod_ediv       c_t.l(btod.o)
    0x30004d44   0x00000034   Code   RO          595    CL$$btod_ediv       c_t.l(btod.o)
    0x30004d78   0x00000004   Ven    RO          594    CL$$btod_emul       c_t.l(btod.o)
    0x30004d7c   0x00000034   Code   RO          594    CL$$btod_emul       c_t.l(btod.o)
    0x30004db0   0x00000268   Code   RO          600    CL$$btod_mult_common  c_t.l(btod.o)
    0x30005018   0x0000000c   Ven    RO          745    Veneer$$Code        anon$$obj.o
    0x30005024   0x0000000c   Ven    RO          746    Veneer$$Code        anon$$obj.o
    0x30005030   0x0000000c   Ven    RO          747    Veneer$$Code        anon$$obj.o
    0x3000503c   0x0000000c   Ven    RO          748    Veneer$$Code        anon$$obj.o
    0x30005048   0x0000000c   Ven    RO          749    Veneer$$Code        anon$$obj.o
    0x30005054   0x0000000c   Ven    RO          750    Veneer$$Code        anon$$obj.o
    0x30005060   0x00000002   Code   RO          378    i.__ARM_common_call_via_r1  c_t.l(__printf.o)
    0x30005062   0x00000002   Code   RO          398    i.__ARM_common_call_via_r2  c_t.l(_printf_wctomb.o)
    0x30005064   0x00000002   Code   RO          529    i.__ARM_common_call_via_r3  c_t.l(_wcrtomb.o)
    0x30005066   0x00000002   PAD
    0x30005068   0x00000004   Ven    RO          634    i.__ARM_fpclassify  m_ts.l(fpclassify.o)
    0x3000506c   0x00000030   Code   RO          634    i.__ARM_fpclassify  m_ts.l(fpclassify.o)
    0x3000509c   0x0000000e   Code   RO          439    i._is_digit         c_t.l(__printf_wp.o)
    0x300050aa   0x00000002   PAD
    0x300050ac   0x00000004   Ven    RO          475    locale$$code        c_t.l(lc_ctype_c.o)
    0x300050b0   0x00000050   Code   RO          475    locale$$code        c_t.l(lc_ctype_c.o)
    0x30005100   0x00000004   Ven    RO          614    locale$$code        c_t.l(lc_numeric_c.o)
    0x30005104   0x00000050   Code   RO          614    locale$$code        c_t.l(lc_numeric_c.o)
    0x30005154   0x00000154   Code   RO          341    x$fpl$dadd          fz_ts.l(daddsub_noclz.o)
    0x300052a8   0x000002e0   Code   RO          348    x$fpl$ddiv          fz_ts.l(ddiv.o)
    0x30005588   0x00000070   Code   RO          351    x$fpl$dfix          fz_ts.l(dfix.o)
    0x300055f8   0x00000058   Code   RO          356    x$fpl$dflt          fz_ts.l(dflt_noclz.o)
    0x30005650   0x000000c0   Code   RO          481    x$fpl$dnaninf       fz_ts.l(dnaninf.o)
    0x30005710   0x00000010   Code   RO          483    x$fpl$dretinf       fz_ts.l(dretinf.o)
    0x30005720   0x00000244   Code   RO          343    x$fpl$dsub          fz_ts.l(daddsub_noclz.o)
    0x30005964   0x00000004   Ven    RO          632    x$fpl$ieeestatus    fz_ts.l(istatus.o)
    0x30005968   0x00000008   Code   RO          632    x$fpl$ieeestatus    fz_ts.l(istatus.o)
    0x30005970   0x00000004   Code   RO          485    x$fpl$printf1       fz_ts.l(printf1.o)
    0x30005974   0x00000000   Code   RO          487    x$fpl$usenofp       fz_ts.l(usenofp.o)
    0x30005974   0x000000d8   Data   RO          281    .constdata          sys_init.o
    0x30005a4c   0x00000008   Data   RO          395    .constdata          c_t.l(_printf_wctomb.o)
    0x30005a54   0x00000028   Data   RO          427    .constdata          c_t.l(_printf_hex_int_ll_ptr.o)
    0x30005a7c   0x00000011   Data   RO          447    .constdata          c_t.l(__printf_flags_ss_wp.o)
    0x30005a8d   0x00000003   PAD
    0x30005a90   0x00000094   Data   RO          589    .constdata          c_t.l(bigflt0.o)
    0x30005b24   0x00000020   Data   RO          710    Region$$Table       anon$$obj.o
    0x30005b44   0x00000110   Data   RO          474    locale$$data        c_t.l(lc_ctype_c.o)
    0x30005c54   0x0000001c   Data   RO          613    locale$$data        c_t.l(lc_numeric_c.o)


    Execution Region RW_RAM1 (Base: 0x30030000, Size: 0x00010768, Max: 0x01000000, ABSOLUTE)

    Base Addr    Size         Type   Attr      Idx    E Section Name        Object

    0x30030000   0x00000008   Data   RW           12    .data               main.o
    0x30030008   0x00000004   Data   RW           48    .data               arp.o
    0x3003000c   0x0000001f   Data   RW           74    .data               dm9000dbg.o
    0x3003002b   0x00000001   PAD
    0x3003002c   0x00000004   Data   RW          104    .data               icmp.o
    0x30030030   0x00000006   Data   RW          124    .data               ip.o
    0x30030036   0x00000002   PAD
    0x30030038   0x00000004   Data   RW          142    .data               skbuff.o
    0x3003003c   0x00000008   Data   RW          157    .data               tftp.o
    0x30030044   0x00000003   Data   RW          178    .data               tftpmain.o
    0x30030047   0x00000001   PAD
    0x30030048   0x0000000c   Data   RW          204    .data               tftpput.o
    0x30030054   0x00000009   Data   RW          231    .data               2410lib.o
    0x3003005d   0x00000003   PAD
    0x30030060   0x00000004   Data   RW          282    .data               sys_init.o
    0x30030064   0x000000cc   Zero   RW           47    .bss                arp.o
    0x30030130   0x00001dd8   Zero   RW          141    .bss                skbuff.o
    0x30031f08   0x00000060   Zero   RW          489    .bss                c_t.l(libspace.o)
    0x30031f68   0x00004800   Zero   RW            2    HEAP                s3c2410a.o
    0x30036768   0x0000a000   Zero   RW            1    STACK               s3c2410a.o


==============================================================================

Image component sizes


      Code (inc. data)   RO Data    RW Data    ZI Data      Debug   Object Name

      2816        104          0          9          0       7808   2410lib.o
       992         24          0          4        204       5349   arp.o
      3492        704          0         31          0       6533   dm9000dbg.o
       212          0          0          0          0       1597   eth.o
       292          8          0          4          0       2178   icmp.o
       664         12          0          6          0       2653   ip.o
       144         56          0          8          0       2044   main.o
       544        216          0          0      59392        456   s3c2410a.o
       292         16          0          4       7640       2112   skbuff.o
      1140        244        216          4          0       2056   sys_init.o
       716         44          0          8          0       2616   tftp.o
       756        124          0          3          0       2645   tftpmain.o
       312         32          0         12          0       2027   tftpput.o
       304          0          0          0          0       1723   udp.o

    ----------------------------------------------------------------------
     12748       1608        248        100      67236      41797   Object Totals
        72         24         32          0          0          0   (incl. Generated)
         0          0          0          7          0          0   (incl. Padding)

    ----------------------------------------------------------------------

      Code (inc. data)   RO Data    RW Data    ZI Data      Debug   Library Member Name

         8          0          0          0          0         68   __main.o
         2          0          0          0          0         60   __printf.o
       412          6         17          0          0         92   __printf_flags_ss_wp.o
        14          0          0          0          0         60   __printf_wp.o
        60          8          0          0          0          0   __scatter.o
        40          0          0          0          0          0   __scatter_copy.o
        44          0          0          0          0          0   __scatter_zi.o
        30          0          0          0          0         60   _chval.o
         8          0          0          0          0          0   _printf_a.o
         8          0          0          0          0          0   _printf_c.o
        58          0          0          0          0        112   _printf_char.o
        48          4          0          0          0         96   _printf_char_common.o
        48          0          0          0          0         60   _printf_charcount.o
         8          0          0          0          0          0   _printf_d.o
       120         18          0          0          0         88   _printf_dec.o
         8          0          0          0          0          0   _printf_e.o
         8          0          0          0          0          0   _printf_f.o
      1056         14          0          0          0        188   _printf_fp_dec.o
       144         16          0          0          0         88   _printf_fp_infnan.o
         8          0          0          0          0          0   _printf_g.o
       168          4         40          0          0        176   _printf_hex_int_ll_ptr.o
         8          0          0          0          0          0   _printf_i.o
       186          0          0          0          0         96   _printf_intcommon.o
        12          0          0          0          0          0   _printf_l.o
         8          0          0          0          0          0   _printf_lc.o
        12          0          0          0          0          0   _printf_ll.o
         8          0          0          0          0          0   _printf_lld.o
         8          0          0          0          0          0   _printf_lli.o
         8          0          0          0          0          0   _printf_llo.o
         8          0          0          0          0          0   _printf_llu.o
         8          0          0          0          0          0   _printf_llx.o
       124         18          0          0          0         88   _printf_longlong_dec.o
         8          0          0          0          0          0   _printf_ls.o
         8          0          0          0          0          0   _printf_n.o
         8          0          0          0          0          0   _printf_o.o
       128         10          0          0          0        136   _printf_oct_int_ll.o
         8          0          0          0          0          0   _printf_p.o
        86          0          0          0          0        116   _printf_pad.o
         4          0          0          0          0          0   _printf_percent.o
         8          0          0          0          0          0   _printf_percent_end.o
         8          0          0          0          0          0   _printf_s.o
        88          0          0          0          0         84   _printf_str.o
        44          0          0          0          0         76   _printf_truncate.o
         8          0          0          0          0          0   _printf_u.o
        58          0          0          0          0        112   _printf_wchar.o
       194          4          8          0          0        156   _printf_wctomb.o
         8          0          0          0          0          0   _printf_x.o
        10          0          0          0          0         60   _sputc.o
       172          0          0          0          0         96   _strtoul.o
        76          0          0          0          0        148   _wcrtomb.o
       388          0          0          0          0         80   aeabi_sdiv.o
        38          0          0          0          0         84   atoi.o
       216          6        148          0          0         96   bigflt0.o
      2040        128          0          0          0        696   btod.o
        48          4          0          0          0         80   c89vsprintf.o
        12          0          0          0          0         64   exit.o
         6          0          0          0          0        136   heapauxi.o
         0          0          0          0          0          0   indicate_semi.o
        84          8        272          0          0         92   lc_ctype_c.o
        84          8         28          0          0         92   lc_numeric_c.o
        10          0          0          0          0          0   libinit.o
        40          0          0          0          0          0   libinit2.o
        12          0          0          0          0          0   libshutdown.o
         6          0          0          0          0          0   libshutdown2.o
        12          4          0          0         96         68   libspace.o
       164          0          0          0          0         96   lludiv10.o
        16          0          0          0          0         80   memcpy.o
        32          0          0          0          0         80   memset.o
        28          4          0          0          0         84   rt_ctype_table.o
        16          4          0          0          0         68   rt_errno_addr_intlibspace.o
        16          4          0          0          0         68   rt_locale_intlibspace.o
        64          0          0          0          0         68   rt_memclr.o
        84          0          0          0          0         80   rt_memclr_w.o
       212          0          0          0          0         68   rt_memcpy.o
       100          0          0          0          0         80   rt_memcpy_w.o
         0          0          0          0          0          0   rtentry.o
        44          4          0          0          0          0   rtentry2.o
         8          0          0          0          0          0   rtentry4.o
         8          0          0          0          0          0   rtexit.o
        12          0          0          0          0          0   rtexit2.o
        48          0          0          0          0         68   rtudiv10.o
       160          4          0          0          0         80   strcmp.o
        76          4          0          0          0         76   strlen.o
       116          4          0          0          0         92   strtol.o
        20          4          0          0          0         60   sys_exit.o
        96          0          0          0          0         80   sys_stackheap_outer.o
        32          0          0          0          0         68   uread4.o
         4          0          0          0          0         68   use_no_semi.o
        32          0          0          0          0         68   uwrite4.o
       920         16          0          0          0        296   daddsub_noclz.o
       736        140          0          0          0        232   ddiv.o
       112          4          0          0          0         92   dfix.o
        88          0          0          0          0         68   dflt_noclz.o
       192          0          0          0          0        108   dnaninf.o
        16          0          0          0          0         68   dretinf.o
        12          0          0          0          0         68   istatus.o
         4          0          0          0          0         68   printf1.o
         0          0          0          0          0          0   usenofp.o
        52          0          0          0          0         68   fpclassify.o

    ----------------------------------------------------------------------
     10152        452        516          0         96       6304   Library Totals
        22          0          3          0          0          0   (incl. Padding)

    ----------------------------------------------------------------------

      Code (inc. data)   RO Data    RW Data    ZI Data      Debug   Library Name

      7998        292        513          0         96       5236   c_t.l
      2080        160          0          0          0       1000   fz_ts.l
        52          0          0          0          0         68   m_ts.l

    ----------------------------------------------------------------------
     10152        452        516          0         96       6304   Library Totals

    ----------------------------------------------------------------------

==============================================================================


      Code (inc. data)   RO Data    RW Data    ZI Data      Debug   

     22900       2060        764        100      67332      43573   Grand Totals
     22900       2060        764        100      67332      43573   ELF Image Totals
     22900       2060        764        100          0          0   ROM Totals

==============================================================================

    Total RO  Size (Code + RO Data)                23664 (  23.11kB)
    Total RW  Size (RW Data + ZI Data)             67432 (  65.85kB)
    Total ROM Size (Code + RO Data + RW Data)      23764 (  23.21kB)

==============================================================================

